---
source: crates/kiln-core/src/manifest.rs
expression: m
---
package:
  name: _internal
  version: 0.0.1
  authors: []
  description: ~
  license: ~
design:
  top: t
  aux_tops: []
  sources:
    - src/**/*.sv
    - src/**/*.svh
    - src/**/*.v
  timescale: ~
  language: ~
  include_dirs: []
  defines: {}
  libraries: []
  test_sources: []
dependencies: {}
lint:
  slang: {}
  verilator: {}
tool:
  slang: ~
  verilator: ~
  verible: ~
profile: {}
wave:
  format: fst
  enabled_by_default: false
test:
  working_dir: ~
  detect: ~
  timeout: ~
  cases: []
  matrix: []
features:
  default: []
