---
source: crates/kiln-core/src/manifest.rs
expression: m
---
package:
  name: widget_v2
  version: 1.2.3
  authors:
    - Jane <jane@example.com>
  description: A widget
  license: MIT OR Apache-2.0
design:
  top: widget_top
  sources:
    - rtl/**/*.sv
  timescale: ~
  language: ~
  include_dirs:
    - rtl/include
  defines:
    BAR: ""
    FOO: "1"
  libraries: []
  test_sources: []
dependencies: {}
lint:
  slang: {}
  verilator: {}
tool:
  slang: ~
  verilator: ~
  verible: ~
profile: {}
wave:
  format: fst
  enabled_by_default: false
